// Jest Snapshot v1, https://goo.gl/fbAQLP

exports[`Roller component should render correctly 1`] = `
<div
  className="lds-roller"
>
  <div />
  <div />
  <div />
  <div />
  <div />
  <div />
  <div />
  <div />
</div>
`;
